/app/src/main/java/com/chavescr/nexa/ProyectoApplication.java
/app/src/main/java/com/chavescr/nexa/config/CacheConfig.java
/app/src/main/java/com/chavescr/nexa/config/DataInitializer.java
/app/src/main/java/com/chavescr/nexa/config/DatabaseIndexInitializer.java
/app/src/main/java/com/chavescr/nexa/config/RedisSessionConfig.java
/app/src/main/java/com/chavescr/nexa/config/TipoAulaSeeder.java
/app/src/main/java/com/chavescr/nexa/config/TipoMateriaSeeder.java
/app/src/main/java/com/chavescr/nexa/config/WebMvcConfig.java
/app/src/main/java/com/chavescr/nexa/controller/AgendaController.java
/app/src/main/java/com/chavescr/nexa/controller/ArchivoController.java
/app/src/main/java/com/chavescr/nexa/controller/AsistenciaController.java
/app/src/main/java/com/chavescr/nexa/controller/AuthController.java
/app/src/main/java/com/chavescr/nexa/controller/BitacoraController.java
/app/src/main/java/com/chavescr/nexa/controller/ComponentesController.java
/app/src/main/java/com/chavescr/nexa/controller/ConductaController.java
/app/src/main/java/com/chavescr/nexa/controller/ConfiguracionAcademicaController.java
/app/src/main/java/com/chavescr/nexa/controller/ConfiguracionController.java
/app/src/main/java/com/chavescr/nexa/controller/ConfiguracionCuentaController.java
/app/src/main/java/com/chavescr/nexa/controller/ContactoController.java
/app/src/main/java/com/chavescr/nexa/controller/CursoController.java
/app/src/main/java/com/chavescr/nexa/controller/DistribucionPorcentualController.java
/app/src/main/java/com/chavescr/nexa/controller/DocentesController.java
/app/src/main/java/com/chavescr/nexa/controller/EstudiantesController.java
/app/src/main/java/com/chavescr/nexa/controller/EvaluacionCotidianaController.java
/app/src/main/java/com/chavescr/nexa/controller/ExamenCalificacionController.java
/app/src/main/java/com/chavescr/nexa/controller/ExamenController.java
/app/src/main/java/com/chavescr/nexa/controller/GlobalModelAttributesAdvice.java
/app/src/main/java/com/chavescr/nexa/controller/HistorialAcademicoController.java
/app/src/main/java/com/chavescr/nexa/controller/IndicadorCotidianoController.java
/app/src/main/java/com/chavescr/nexa/controller/InstitucionController.java
/app/src/main/java/com/chavescr/nexa/controller/MainController.java
/app/src/main/java/com/chavescr/nexa/controller/MenuController.java
/app/src/main/java/com/chavescr/nexa/controller/NotificacionController.java
/app/src/main/java/com/chavescr/nexa/controller/NubeController.java
/app/src/main/java/com/chavescr/nexa/controller/OficioController.java
/app/src/main/java/com/chavescr/nexa/controller/PadresController.java
/app/src/main/java/com/chavescr/nexa/controller/PerfilController.java
/app/src/main/java/com/chavescr/nexa/controller/PersonalController.java
/app/src/main/java/com/chavescr/nexa/controller/PortalPadresController.java
/app/src/main/java/com/chavescr/nexa/controller/PromedioController.java
/app/src/main/java/com/chavescr/nexa/controller/ProyectoCalificacionController.java
/app/src/main/java/com/chavescr/nexa/controller/ProyectoEstudiantilController.java
/app/src/main/java/com/chavescr/nexa/controller/SeguridadController.java
/app/src/main/java/com/chavescr/nexa/controller/TareaCalificacionController.java
/app/src/main/java/com/chavescr/nexa/controller/TareaDefinicionController.java
/app/src/main/java/com/chavescr/nexa/controller/UsuariosController.java
/app/src/main/java/com/chavescr/nexa/controller/VisitaController.java
/app/src/main/java/com/chavescr/nexa/dto/BandaEventoDTO.java
/app/src/main/java/com/chavescr/nexa/dto/CargaLaboralDocenteDTO.java
/app/src/main/java/com/chavescr/nexa/dto/DiaCalendarioDTO.java
/app/src/main/java/com/chavescr/nexa/dto/EventoCalendarioDTO.java
/app/src/main/java/com/chavescr/nexa/dto/EventoMepDTO.java
/app/src/main/java/com/chavescr/nexa/dto/FilaAsistencia.java
/app/src/main/java/com/chavescr/nexa/dto/FilaBitacora.java
/app/src/main/java/com/chavescr/nexa/dto/FilaEvaluacionCotidiana.java
/app/src/main/java/com/chavescr/nexa/dto/FilaIncidenteConducta.java
/app/src/main/java/com/chavescr/nexa/dto/FilaNotaConducta.java
/app/src/main/java/com/chavescr/nexa/dto/FilaNotaExamen.java
/app/src/main/java/com/chavescr/nexa/dto/FilaNotaProyecto.java
/app/src/main/java/com/chavescr/nexa/dto/FilaPromedio.java
/app/src/main/java/com/chavescr/nexa/dto/FilaTareaCalificacion.java
/app/src/main/java/com/chavescr/nexa/dto/HaciendaContribuyenteDTO.java
/app/src/main/java/com/chavescr/nexa/dto/InstitucionDTO.java
/app/src/main/java/com/chavescr/nexa/dto/PanelIncidenteConducta.java
/app/src/main/java/com/chavescr/nexa/dto/PanelNotaConducta.java
/app/src/main/java/com/chavescr/nexa/dto/ResumenNotaConducta.java
/app/src/main/java/com/chavescr/nexa/dto/SemanaCalendarioDTO.java
/app/src/main/java/com/chavescr/nexa/dto/UsuarioDTO.java
/app/src/main/java/com/chavescr/nexa/entity/AccionAcceso.java
/app/src/main/java/com/chavescr/nexa/entity/AccionHistorial.java
/app/src/main/java/com/chavescr/nexa/entity/ActividadInstitucionalPropia.java
/app/src/main/java/com/chavescr/nexa/entity/AsistenciaEstudiante.java
/app/src/main/java/com/chavescr/nexa/entity/Aula.java
/app/src/main/java/com/chavescr/nexa/entity/BitacoraEvento.java
/app/src/main/java/com/chavescr/nexa/entity/ConfiguracionInstitucion.java
/app/src/main/java/com/chavescr/nexa/entity/ContactoExterno.java
/app/src/main/java/com/chavescr/nexa/entity/DistribucionPorcentual.java
/app/src/main/java/com/chavescr/nexa/entity/DocenteBloqueoLeccion.java
/app/src/main/java/com/chavescr/nexa/entity/DocenteGuia.java
/app/src/main/java/com/chavescr/nexa/entity/DocenteMateria.java
/app/src/main/java/com/chavescr/nexa/entity/EnvioNotasDocente.java
/app/src/main/java/com/chavescr/nexa/entity/EvaluacionCotidiana.java
/app/src/main/java/com/chavescr/nexa/entity/Examen.java
/app/src/main/java/com/chavescr/nexa/entity/HistorialCambio.java
/app/src/main/java/com/chavescr/nexa/entity/HorarioLeccion.java
/app/src/main/java/com/chavescr/nexa/entity/IncidenteConducta.java
/app/src/main/java/com/chavescr/nexa/entity/IndicadorCotidiano.java
/app/src/main/java/com/chavescr/nexa/entity/Institucion.java
/app/src/main/java/com/chavescr/nexa/entity/Materia.java
/app/src/main/java/com/chavescr/nexa/entity/MiembroProyecto.java
/app/src/main/java/com/chavescr/nexa/entity/ModuloAcademico.java
/app/src/main/java/com/chavescr/nexa/entity/ModuloSistema.java
/app/src/main/java/com/chavescr/nexa/entity/NivelAcademico.java
/app/src/main/java/com/chavescr/nexa/entity/NotaConducta.java
/app/src/main/java/com/chavescr/nexa/entity/NotaExamen.java
/app/src/main/java/com/chavescr/nexa/entity/Notificacion.java
/app/src/main/java/com/chavescr/nexa/entity/NubeNodo.java
/app/src/main/java/com/chavescr/nexa/entity/NubeNodoAcceso.java
/app/src/main/java/com/chavescr/nexa/entity/Oficio.java
/app/src/main/java/com/chavescr/nexa/entity/PeriodoAcademico.java
/app/src/main/java/com/chavescr/nexa/entity/PreferenciaUsuario.java
/app/src/main/java/com/chavescr/nexa/entity/Proyecto.java
/app/src/main/java/com/chavescr/nexa/entity/ProyectoCalificacion.java
/app/src/main/java/com/chavescr/nexa/entity/ProyectoDefinicion.java
/app/src/main/java/com/chavescr/nexa/entity/Recordatorio.java
/app/src/main/java/com/chavescr/nexa/entity/RegimenDisciplinario.java
/app/src/main/java/com/chavescr/nexa/entity/RegistroAcceso.java
/app/src/main/java/com/chavescr/nexa/entity/RegistroAsistencia.java
/app/src/main/java/com/chavescr/nexa/entity/ResultadoAcceso.java
/app/src/main/java/com/chavescr/nexa/entity/RetiroEstudiante.java
/app/src/main/java/com/chavescr/nexa/entity/Rol.java
/app/src/main/java/com/chavescr/nexa/entity/SeccionBloqueoLeccion.java
/app/src/main/java/com/chavescr/nexa/entity/Solicitud.java
/app/src/main/java/com/chavescr/nexa/entity/TareaCalificacion.java
/app/src/main/java/com/chavescr/nexa/entity/TareaDefinicion.java
/app/src/main/java/com/chavescr/nexa/entity/TareaProyecto.java
/app/src/main/java/com/chavescr/nexa/entity/TipoAula.java
/app/src/main/java/com/chavescr/nexa/entity/TipoMateria.java
/app/src/main/java/com/chavescr/nexa/entity/TipoNodo.java
/app/src/main/java/com/chavescr/nexa/entity/Usuario.java
/app/src/main/java/com/chavescr/nexa/entity/Visita.java
/app/src/main/java/com/chavescr/nexa/exception/GlobalExceptionHandler.java
/app/src/main/java/com/chavescr/nexa/exception/InstitucionNoSeleccionadaException.java
/app/src/main/java/com/chavescr/nexa/repository/ActividadInstitucionalPropiaRepository.java
/app/src/main/java/com/chavescr/nexa/repository/AsistenciaEstudianteRepository.java
/app/src/main/java/com/chavescr/nexa/repository/AulaRepository.java
/app/src/main/java/com/chavescr/nexa/repository/BitacoraEventoRepository.java
/app/src/main/java/com/chavescr/nexa/repository/ConfiguracionInstitucionRepository.java
/app/src/main/java/com/chavescr/nexa/repository/ContactoExternoRepository.java
/app/src/main/java/com/chavescr/nexa/repository/DistribucionPorcentualRepository.java
/app/src/main/java/com/chavescr/nexa/repository/DocenteBloqueoLeccionRepository.java
/app/src/main/java/com/chavescr/nexa/repository/DocenteGuiaRepository.java
/app/src/main/java/com/chavescr/nexa/repository/DocenteMateriaRepository.java
/app/src/main/java/com/chavescr/nexa/repository/EnvioNotasDocenteRepository.java
/app/src/main/java/com/chavescr/nexa/repository/EvaluacionCotidianaRepository.java
/app/src/main/java/com/chavescr/nexa/repository/ExamenRepository.java
/app/src/main/java/com/chavescr/nexa/repository/HistorialCambioRepository.java
/app/src/main/java/com/chavescr/nexa/repository/HorarioLeccionRepository.java
/app/src/main/java/com/chavescr/nexa/repository/IncidenteConductaRepository.java
/app/src/main/java/com/chavescr/nexa/repository/IndicadorCotidianoRepository.java
/app/src/main/java/com/chavescr/nexa/repository/InstitucionRepository.java
/app/src/main/java/com/chavescr/nexa/repository/MateriaRepository.java
/app/src/main/java/com/chavescr/nexa/repository/MiembroProyectoRepository.java
/app/src/main/java/com/chavescr/nexa/repository/NivelAcademicoRepository.java
/app/src/main/java/com/chavescr/nexa/repository/NotaConductaRepository.java
/app/src/main/java/com/chavescr/nexa/repository/NotaExamenRepository.java
/app/src/main/java/com/chavescr/nexa/repository/NotificacionRepository.java
/app/src/main/java/com/chavescr/nexa/repository/NubeNodoAccesoRepository.java
/app/src/main/java/com/chavescr/nexa/repository/NubeNodoRepository.java
/app/src/main/java/com/chavescr/nexa/repository/OficioRepository.java
/app/src/main/java/com/chavescr/nexa/repository/PeriodoAcademicoRepository.java
/app/src/main/java/com/chavescr/nexa/repository/PreferenciaUsuarioRepository.java
/app/src/main/java/com/chavescr/nexa/repository/ProyectoCalificacionRepository.java
/app/src/main/java/com/chavescr/nexa/repository/ProyectoDefinicionRepository.java
/app/src/main/java/com/chavescr/nexa/repository/ProyectoRepository.java
/app/src/main/java/com/chavescr/nexa/repository/RecordatorioRepository.java
/app/src/main/java/com/chavescr/nexa/repository/RegimenDisciplinarioRepository.java
/app/src/main/java/com/chavescr/nexa/repository/RegistroAccesoRepository.java
/app/src/main/java/com/chavescr/nexa/repository/RegistroAsistenciaRepository.java
/app/src/main/java/com/chavescr/nexa/repository/RetiroEstudianteRepository.java
/app/src/main/java/com/chavescr/nexa/repository/RolRepository.java
/app/src/main/java/com/chavescr/nexa/repository/SeccionBloqueoLeccionRepository.java
/app/src/main/java/com/chavescr/nexa/repository/SolicitudRepository.java
/app/src/main/java/com/chavescr/nexa/repository/TareaCalificacionRepository.java
/app/src/main/java/com/chavescr/nexa/repository/TareaDefinicionRepository.java
/app/src/main/java/com/chavescr/nexa/repository/TareaProyectoRepository.java
/app/src/main/java/com/chavescr/nexa/repository/TipoAulaRepository.java
/app/src/main/java/com/chavescr/nexa/repository/TipoMateriaRepository.java
/app/src/main/java/com/chavescr/nexa/repository/UsuarioRepository.java
/app/src/main/java/com/chavescr/nexa/repository/VisitaRepository.java
/app/src/main/java/com/chavescr/nexa/security/CustomUserDetails.java
/app/src/main/java/com/chavescr/nexa/security/LoginFailureHandler.java
/app/src/main/java/com/chavescr/nexa/security/LoginSuccessHandler.java
/app/src/main/java/com/chavescr/nexa/security/PasswordEncoderConfig.java
/app/src/main/java/com/chavescr/nexa/security/SecurityConfig.java
/app/src/main/java/com/chavescr/nexa/security/UserDetailsServiceImpl.java
/app/src/main/java/com/chavescr/nexa/service/ActividadInstitucionalService.java
/app/src/main/java/com/chavescr/nexa/service/AlcanceDocenteService.java
/app/src/main/java/com/chavescr/nexa/service/AsistenciaService.java
/app/src/main/java/com/chavescr/nexa/service/BitacoraService.java
/app/src/main/java/com/chavescr/nexa/service/CalendarioService.java
/app/src/main/java/com/chavescr/nexa/service/ConfiguracionAcademicaService.java
/app/src/main/java/com/chavescr/nexa/service/ConfiguracionInstitucionService.java
/app/src/main/java/com/chavescr/nexa/service/ContactoExternoService.java
/app/src/main/java/com/chavescr/nexa/service/DistribucionPorcentualService.java
/app/src/main/java/com/chavescr/nexa/service/DocenteBloqueoService.java
/app/src/main/java/com/chavescr/nexa/service/DocenteGuiaService.java
/app/src/main/java/com/chavescr/nexa/service/DocenteMateriaService.java
/app/src/main/java/com/chavescr/nexa/service/DocumentConversionService.java
/app/src/main/java/com/chavescr/nexa/service/EmailService.java
/app/src/main/java/com/chavescr/nexa/service/EnvioNotasDocenteService.java
/app/src/main/java/com/chavescr/nexa/service/EvaluacionCotidianaService.java
/app/src/main/java/com/chavescr/nexa/service/ExamenService.java
/app/src/main/java/com/chavescr/nexa/service/HaciendaService.java
/app/src/main/java/com/chavescr/nexa/service/HistorialCambioService.java
/app/src/main/java/com/chavescr/nexa/service/IncidenteConductaService.java
/app/src/main/java/com/chavescr/nexa/service/IndicadorCotidianoService.java
/app/src/main/java/com/chavescr/nexa/service/InstitucionService.java
/app/src/main/java/com/chavescr/nexa/service/LibreOfficeConversionService.java
/app/src/main/java/com/chavescr/nexa/service/NotaConductaService.java
/app/src/main/java/com/chavescr/nexa/service/NotificacionService.java
/app/src/main/java/com/chavescr/nexa/service/NubeAccesoService.java
/app/src/main/java/com/chavescr/nexa/service/NubeNodoService.java
/app/src/main/java/com/chavescr/nexa/service/OficioService.java
/app/src/main/java/com/chavescr/nexa/service/ParticipacionService.java
/app/src/main/java/com/chavescr/nexa/service/PersonalService.java
/app/src/main/java/com/chavescr/nexa/service/PreferenciaUsuarioService.java
/app/src/main/java/com/chavescr/nexa/service/PromedioService.java
/app/src/main/java/com/chavescr/nexa/service/ProyectoEstudiantilService.java
/app/src/main/java/com/chavescr/nexa/service/ProyectoService.java
/app/src/main/java/com/chavescr/nexa/service/RecordatorioService.java
/app/src/main/java/com/chavescr/nexa/service/RegimenDisciplinarioService.java
/app/src/main/java/com/chavescr/nexa/service/RegistroAccesoService.java
/app/src/main/java/com/chavescr/nexa/service/RegistroAsistenciaService.java
/app/src/main/java/com/chavescr/nexa/service/RetiroEstudianteService.java
/app/src/main/java/com/chavescr/nexa/service/SeccionBloqueoService.java
/app/src/main/java/com/chavescr/nexa/service/SesionInstitucionService.java
/app/src/main/java/com/chavescr/nexa/service/SolicitudService.java
/app/src/main/java/com/chavescr/nexa/service/TareaCalificacionService.java
/app/src/main/java/com/chavescr/nexa/service/TareaDefinicionService.java
/app/src/main/java/com/chavescr/nexa/service/UsuarioService.java
/app/src/main/java/com/chavescr/nexa/service/VisitaService.java
